../Core/Src/main.c:111:6:delay	16	static
../Core/Src/main.c:118:6:HAL_TIM_IC_CaptureCallback	16	static
../Core/Src/main.c:232:6:HCSR04_Trigger	8	static
../Core/Src/main.c:253:5:main	16	static
../Core/Src/main.c:333:6:SystemClock_Config	88	static
../Core/Src/main.c:391:13:MX_ETH_Init	8	static
../Core/Src/main.c:440:13:MX_TIM1_Init	40	static
../Core/Src/main.c:498:13:MX_TIM3_Init	64	static
../Core/Src/main.c:561:13:MX_USART3_UART_Init	8	static
../Core/Src/main.c:596:13:MX_USB_OTG_FS_PCD_Init	8	static
../Core/Src/main.c:631:13:MX_GPIO_Init	64	static
../Core/Src/main.c:707:6:Error_Handler	4	static,ignoring_inline_asm
