../Core/Src/main.c:109:6:delay	16	static
../Core/Src/main.c:116:6:HAL_TIM_IC_CaptureCallback	16	static
../Core/Src/main.c:230:6:HCSR04_Trigger	8	static
../Core/Src/main.c:251:5:main	8	static
../Core/Src/main.c:304:6:SystemClock_Config	88	static
../Core/Src/main.c:362:13:MX_ETH_Init	8	static
../Core/Src/main.c:411:13:MX_TIM1_Init	40	static
../Core/Src/main.c:469:13:MX_USART3_UART_Init	8	static
../Core/Src/main.c:504:13:MX_USB_OTG_FS_PCD_Init	8	static
../Core/Src/main.c:539:13:MX_GPIO_Init	64	static
../Core/Src/main.c:615:6:Error_Handler	4	static,ignoring_inline_asm
